
administrator@JUMPHOST MINGW64 ~
$ cd c:users

administrator@JUMPHOST MINGW64 /c/users
$ cd administrator.demo/downloads

administrator@JUMPHOST MINGW64 /c/users/administrator.demo/downloads
$ cd api

administrator@JUMPHOST MINGW64 /c/users/administrator.demo/downloads/api
$ cd crud

administrator@JUMPHOST MINGW64 /c/users/administrator.demo/downloads/api/crud (master)
$ git satus
git: 'satus' is not a git command. See 'git --help'.

The most similar command is
        status

administrator@JUMPHOST MINGW64 /c/users/administrator.demo/downloads/api/crud (master)
$ git status
On branch master
nothing to commit, working tree clean

administrator@JUMPHOST MINGW64 /c/users/administrator.demo/downloads/api/crud (master)
$ git remote -v
origin  https://git-lfs@github.com/rohini-ctrl/patching (fetch)
origin  https://git-lfs@github.com/rohini-ctrl/patching (push)

administrator@JUMPHOST MINGW64 /c/users/administrator.demo/downloads/api/crud (master)
$ git push origin master
To https://github.com/rohini-ctrl/patching
 ! [rejected]        master -> master (fetch first)
error: failed to push some refs to 'https://git-lfs@github.com/rohini-ctrl/patching'
hint: Updates were rejected because the remote contains work that you do
hint: not have locally. This is usually caused by another repository pushing
hint: to the same ref. You may want to first integrate the remote changes
hint: (e.g., 'git pull ...') before pushing again.
hint: See the 'Note about fast-forwards' in 'git push --help' for details.

administrator@JUMPHOST MINGW64 /c/users/administrator.demo/downloads/api/crud (master)
$ git pull
warning: no common commits
remote: Enumerating objects: 61, done.
remote: Counting objects: 100% (61/61), done.
remote: Compressing objects: 100% (52/52), done.
remote: Total 61 (delta 5), reused 58 (delta 5), pack-reused 0
Unpacking objects: 100% (61/61), done.
From https://github.com/rohini-ctrl/patching
 * [new branch]      dev        -> origin/dev
 * [new branch]      master     -> origin/master
There is no tracking information for the current branch.
Please specify which branch you want to merge with.
See git-pull(1) for details.

    git pull <remote> <branch>

If you wish to set tracking information for this branch you can do so with:

    git branch --set-upstream-to=origin/<branch> master


administrator@JUMPHOST MINGW64 /c/users/administrator.demo/downloads/api/crud (master)
$ git pull origin master
From https://github.com/rohini-ctrl/patching
 * branch            master     -> FETCH_HEAD
fatal: refusing to merge unrelated histories

administrator@JUMPHOST MINGW64 /c/users/administrator.demo/downloads/api/crud (master)
$ git push origin master
To https://github.com/rohini-ctrl/patching
 ! [rejected]        master -> master (non-fast-forward)
error: failed to push some refs to 'https://git-lfs@github.com/rohini-ctrl/patching'
hint: Updates were rejected because the tip of your current branch is behind
hint: its remote counterpart. Integrate the remote changes (e.g.
hint: 'git pull ...') before pushing again.
hint: See the 'Note about fast-forwards' in 'git push --help' for details.

administrator@JUMPHOST MINGW64 /c/users/administrator.demo/downloads/api/crud (master)
$ git pull origin master --allow-unrelated-histories
From https://github.com/rohini-ctrl/patching
 * branch            master     -> FETCH_HEAD
CONFLICT (add/add): Merge conflict in README.md
Auto-merging README.md
Automatic merge failed; fix conflicts and then commit the result.

administrator@JUMPHOST MINGW64 /c/users/administrator.demo/downloads/api/crud (master|MERGING)
$ git push origin master
To https://github.com/rohini-ctrl/patching
 ! [rejected]        master -> master (non-fast-forward)
error: failed to push some refs to 'https://git-lfs@github.com/rohini-ctrl/patching'
hint: Updates were rejected because the tip of your current branch is behind
hint: its remote counterpart. Integrate the remote changes (e.g.
hint: 'git pull ...') before pushing again.
hint: See the 'Note about fast-forwards' in 'git push --help' for details.

administrator@JUMPHOST MINGW64 /c/users/administrator.demo/downloads/api/crud (master|MERGING)
$ git pull origin master --allow-unrelated-histories
error: Pulling is not possible because you have unmerged files.
hint: Fix them up in the work tree, and then use 'git add/rm <file>'
hint: as appropriate to mark resolution and make a commit.
fatal: Exiting because of an unresolved conflict.

administrator@JUMPHOST MINGW64 /c/users/administrator.demo/downloads/api/crud (master|MERGING)
$ git rm readme.md
fatal: pathspec 'readme.md' did not match any files

administrator@JUMPHOST MINGW64 /c/users/administrator.demo/downloads/api/crud (master|MERGING)
$ git rm README.md
rm 'README.md'

administrator@JUMPHOST MINGW64 /c/users/administrator.demo/downloads/api/crud (master|MERGING)
$ git pull origin master --allow-unrelated-histories
error: You have not concluded your merge (MERGE_HEAD exists).
hint: Please, commit your changes before merging.
fatal: Exiting because of unfinished merge.

administrator@JUMPHOST MINGW64 /c/users/administrator.demo/downloads/api/crud (master|MERGING)
$ git comit -m "remove readme file"
git: 'comit' is not a git command. See 'git --help'.

The most similar command is
        commit

administrator@JUMPHOST MINGW64 /c/users/administrator.demo/downloads/api/crud (master|MERGING)
$ git commit -m "remove readme file"
[master 7b1626c] remove readme file

administrator@JUMPHOST MINGW64 /c/users/administrator.demo/downloads/api/crud (master)
$ git pull origin master --allow-unrelated-histories
From https://github.com/rohini-ctrl/patching
 * branch            master     -> FETCH_HEAD
Already up to date.

administrator@JUMPHOST MINGW64 /c/users/administrator.demo/downloads/api/crud (master)
$ git push origin master
Enumerating objects: 1483, done.
Counting objects: 100% (1483/1483), done.
Compressing objects: 100% (1365/1365), done.
Writing objects: 100% (1481/1481), 2.52 MiB | 3.06 MiB/s, done.
Total 1481 (delta 192), reused 0 (delta 0)
remote: Resolving deltas: 100% (192/192), done.
To https://github.com/rohini-ctrl/patching
   bad86b9..7b1626c  master -> master

administrator@JUMPHOST MINGW64 /c/users/administrator.demo/downloads/api/crud (master)
$ git pull origin master
From https://github.com/rohini-ctrl/patching
 * branch            master     -> FETCH_HEAD
Already up to date.

administrator@JUMPHOST MINGW64 /c/users/administrator.demo/downloads/api/crud (master)
$ git status
On branch master
nothing to commit, working tree clean

administrator@JUMPHOST MINGW64 /c/users/administrator.demo/downloads/api/crud (master)
$
